SQL> @run
SQL> set linesize 280
SQL> set trims on
SQL> set pagesize 200
SQL> set tab off
SQL> set feedback on
SQL> column plan_name format a30
SQL> column sql_handle format a30
SQL> column sql_text format a50
SQL> column plan_table_output format a150
SQL> 
SQL> column creator format a10
SQL> column origin format a35
SQL> column parsing_schema_name format a10
SQL> column description format a10
SQL> column module format a15
SQL> column action format a15
SQL> column version format a15
SQL> column signature format 9999999999999999999999
SQL> show user
USER is "ADHOC"
SQL> 
SQL> set echo on
SQL> 
SQL> select /* HELLO */ num from bob where id = 100;

       NUM
----------
       100

1 row selected.

SQL> select sql_id from v$sql where sql_text = 'select /* HELLO */ num from bob where id = 100';

no rows selected

SQL> 
SQL> select /* HELLO */ num from bob where id = 100;

       NUM
----------
       100

1 row selected.

SQL> select * from dba_sql_plan_baselines;

              SIGNATURE SQL_HANDLE                     SQL_TEXT                                           PLAN_NAME                      CREATOR    ORIGIN                              PARSING_SC DESCRIPTIO VERSION
----------------------- ------------------------------ -------------------------------------------------- ------------------------------ ---------- ----------------------------------- ---------- ---------- ---------------
CREATED                                                                     LAST_MODIFIED                                                               LAST_EXECUTED
--------------------------------------------------------------------------- --------------------------------------------------------------------------- ---------------------------------------------------------------------------
LAST_VERIFIED                                                               ENA ACC FIX REP AUT ADA OPTIMIZER_COST MODULE          ACTION          EXECUTIONS ELAPSED_TIME   CPU_TIME BUFFER_GETS DISK_READS DIRECT_WRITES ROWS_PROCESSED    FETCHES END_OF_FETCH_COUNT
--------------------------------------------------------------------------- --- --- --- --- --- --- -------------- --------------- --------------- ---------- ------------ ---------- ----------- ---------- ------------- -------------- ---------- ------------------
   15579892658626776509 SQL_d836e5d3c42a4dbd           select /* HELLO */ num from bob where id = 100     SQL_PLAN_dhdr5ug22nmdx03c729f0 ADHOC      MANUAL-LOAD-FROM-CURSOR-CACHE       ADHOC                 18.0.0.0.0
04-SEP-18 04.04.08.000000                                                   04-SEP-18 04.04.09.000000                                                   04-SEP-18 04.04.09.000000
                                                                            YES YES NO  YES YES NO               7 SQL*Plus                                 3         2694       1961          83          0             0              3          6


1 row selected.

SQL> select * from  v$sql_shared_cursor where sql_id = '8c2dqym0cbqvj' order by child_number;

no rows selected

SQL> 
SQL> select /* HELLO */ num from bob where id = 100;

       NUM
----------
       100

1 row selected.

SQL> select * from dba_sql_plan_baselines;

              SIGNATURE SQL_HANDLE                     SQL_TEXT                                           PLAN_NAME                      CREATOR    ORIGIN                              PARSING_SC DESCRIPTIO VERSION
----------------------- ------------------------------ -------------------------------------------------- ------------------------------ ---------- ----------------------------------- ---------- ---------- ---------------
CREATED                                                                     LAST_MODIFIED                                                               LAST_EXECUTED
--------------------------------------------------------------------------- --------------------------------------------------------------------------- ---------------------------------------------------------------------------
LAST_VERIFIED                                                               ENA ACC FIX REP AUT ADA OPTIMIZER_COST MODULE          ACTION          EXECUTIONS ELAPSED_TIME   CPU_TIME BUFFER_GETS DISK_READS DIRECT_WRITES ROWS_PROCESSED    FETCHES END_OF_FETCH_COUNT
--------------------------------------------------------------------------- --- --- --- --- --- --- -------------- --------------- --------------- ---------- ------------ ---------- ----------- ---------- ------------- -------------- ---------- ------------------
   15579892658626776509 SQL_d836e5d3c42a4dbd           select /* HELLO */ num from bob where id = 100     SQL_PLAN_dhdr5ug22nmdx03c729f0 ADHOC      MANUAL-LOAD-FROM-CURSOR-CACHE       ADHOC                 18.0.0.0.0
04-SEP-18 04.04.08.000000                                                   04-SEP-18 04.04.09.000000                                                   04-SEP-18 04.04.09.000000
                                                                            YES YES NO  YES YES NO               7 SQL*Plus                                 3         2694       1961          83          0             0              3          6


1 row selected.

SQL> select * from  v$sql_shared_cursor where sql_id = '8c2dqym0cbqvj' order by child_number;

no rows selected

SQL> 
SQL> select /* HELLO */ num from bob where id = 100;

       NUM
----------
       100

1 row selected.

SQL> select * from dba_sql_plan_baselines;

              SIGNATURE SQL_HANDLE                     SQL_TEXT                                           PLAN_NAME                      CREATOR    ORIGIN                              PARSING_SC DESCRIPTIO VERSION
----------------------- ------------------------------ -------------------------------------------------- ------------------------------ ---------- ----------------------------------- ---------- ---------- ---------------
CREATED                                                                     LAST_MODIFIED                                                               LAST_EXECUTED
--------------------------------------------------------------------------- --------------------------------------------------------------------------- ---------------------------------------------------------------------------
LAST_VERIFIED                                                               ENA ACC FIX REP AUT ADA OPTIMIZER_COST MODULE          ACTION          EXECUTIONS ELAPSED_TIME   CPU_TIME BUFFER_GETS DISK_READS DIRECT_WRITES ROWS_PROCESSED    FETCHES END_OF_FETCH_COUNT
--------------------------------------------------------------------------- --- --- --- --- --- --- -------------- --------------- --------------- ---------- ------------ ---------- ----------- ---------- ------------- -------------- ---------- ------------------
   15579892658626776509 SQL_d836e5d3c42a4dbd           select /* HELLO */ num from bob where id = 100     SQL_PLAN_dhdr5ug22nmdx03c729f0 ADHOC      MANUAL-LOAD-FROM-CURSOR-CACHE       ADHOC                 18.0.0.0.0
04-SEP-18 04.04.08.000000                                                   04-SEP-18 04.04.09.000000                                                   04-SEP-18 04.04.09.000000
                                                                            YES YES NO  YES YES NO               7 SQL*Plus                                 3         2694       1961          83          0             0              3          6


1 row selected.

SQL> select * from  v$sql_shared_cursor where sql_id = '8c2dqym0cbqvj' order by child_number;

no rows selected

SQL> 
SQL> select /* HELLO */ num from bob where id = 100;

       NUM
----------
       100

1 row selected.

SQL> select * from dba_sql_plan_baselines;

              SIGNATURE SQL_HANDLE                     SQL_TEXT                                           PLAN_NAME                      CREATOR    ORIGIN                              PARSING_SC DESCRIPTIO VERSION
----------------------- ------------------------------ -------------------------------------------------- ------------------------------ ---------- ----------------------------------- ---------- ---------- ---------------
CREATED                                                                     LAST_MODIFIED                                                               LAST_EXECUTED
--------------------------------------------------------------------------- --------------------------------------------------------------------------- ---------------------------------------------------------------------------
LAST_VERIFIED                                                               ENA ACC FIX REP AUT ADA OPTIMIZER_COST MODULE          ACTION          EXECUTIONS ELAPSED_TIME   CPU_TIME BUFFER_GETS DISK_READS DIRECT_WRITES ROWS_PROCESSED    FETCHES END_OF_FETCH_COUNT
--------------------------------------------------------------------------- --- --- --- --- --- --- -------------- --------------- --------------- ---------- ------------ ---------- ----------- ---------- ------------- -------------- ---------- ------------------
   15579892658626776509 SQL_d836e5d3c42a4dbd           select /* HELLO */ num from bob where id = 100     SQL_PLAN_dhdr5ug22nmdx03c729f0 ADHOC      MANUAL-LOAD-FROM-CURSOR-CACHE       ADHOC                 18.0.0.0.0
04-SEP-18 04.04.08.000000                                                   04-SEP-18 04.04.09.000000                                                   04-SEP-18 04.04.09.000000
                                                                            YES YES NO  YES YES NO               7 SQL*Plus                                 3         2694       1961          83          0             0              3          6


1 row selected.

SQL> select * from  v$sql_shared_cursor where sql_id = '8c2dqym0cbqvj' order by child_number;

no rows selected

SQL> 
SQL> --
SQL> -- Put in a host sleep - and try a flush
SQL> --
SQL> host sleep 10

SQL> exec dbms_stats.flush_database_monitoring_info

PL/SQL procedure successfully completed.

SQL> 
SQL> select /* HELLO */ num from bob where id = 100;

       NUM
----------
       100

1 row selected.

SQL> select * from dba_sql_plan_baselines;

              SIGNATURE SQL_HANDLE                     SQL_TEXT                                           PLAN_NAME                      CREATOR    ORIGIN                              PARSING_SC DESCRIPTIO VERSION
----------------------- ------------------------------ -------------------------------------------------- ------------------------------ ---------- ----------------------------------- ---------- ---------- ---------------
CREATED                                                                     LAST_MODIFIED                                                               LAST_EXECUTED
--------------------------------------------------------------------------- --------------------------------------------------------------------------- ---------------------------------------------------------------------------
LAST_VERIFIED                                                               ENA ACC FIX REP AUT ADA OPTIMIZER_COST MODULE          ACTION          EXECUTIONS ELAPSED_TIME   CPU_TIME BUFFER_GETS DISK_READS DIRECT_WRITES ROWS_PROCESSED    FETCHES END_OF_FETCH_COUNT
--------------------------------------------------------------------------- --- --- --- --- --- --- -------------- --------------- --------------- ---------- ------------ ---------- ----------- ---------- ------------- -------------- ---------- ------------------
   15579892658626776509 SQL_d836e5d3c42a4dbd           select /* HELLO */ num from bob where id = 100     SQL_PLAN_dhdr5ug22nmdx03c729f0 ADHOC      MANUAL-LOAD-FROM-CURSOR-CACHE       ADHOC                 18.0.0.0.0
04-SEP-18 04.04.08.000000                                                   04-SEP-18 04.04.09.000000                                                   04-SEP-18 04.04.09.000000
                                                                            YES YES NO  YES YES NO               7 SQL*Plus                                 3         2694       1961          83          0             0              3          6


1 row selected.

SQL> select * from  v$sql_shared_cursor where sql_id = '8c2dqym0cbqvj' order by child_number;

no rows selected

SQL> 
SQL> pause p...
p...

SQL> 
SQL> --
SQL> -- Can we get a plan?
SQL> -- In SE we can't because the cursor is repeatedly invalidated
SQL> --
SQL> select /* HELLO */ num from bob where id = 100;

       NUM
----------
       100

1 row selected.

SQL> select * from table(dbms_xplan.display_cursor(format=>'TYPICAL'));

PLAN_TABLE_OUTPUT
------------------------------------------------------------------------------------------------------------------------------------------------------
SQL_ID  8c2dqym0cbqvj, child number 1

An uncaught error happened in prepare_sql_statement : ORA-01403: no data found

NOTE: cannot fetch plan for SQL_ID: 8c2dqym0cbqvj, CHILD_NUMBER: 1
      Please verify value of SQL_ID and CHILD_NUMBER;
      It could also be that the plan is no longer in cursor cache (check v$sql_plan)


8 rows selected.

SQL> 
SQL> show user
USER is "ADHOC"
SQL> spool off
